I'm sorry, but errors were detected in your script. Please correct the
errors listed below, and try again.


File "game/script.rpy", line 641: expected 'simple_expression' not found.
    xalign 
           ^

File "game/script.rpy", line 663: expected 'simple_expression' not found.
    xalign 
           ^

File "game/script.rpy", line 786: expected 'simple_expression' not found.
    xalign 
           ^

File "game/script.rpy", line 814: expected 'simple_expression' not found.
    xalign 
           ^

Ren'Py Version: Ren'Py 8.1.3.23091805
Sun Nov  5 16:33:04 2023
